Running (ORandom.init (int_of_nat 42);; coin;; coin;; coin) ...
tail
head
tail
